// Jest Snapshot v1, https://goo.gl/fbAQLP

exports[`<Main /> validate each card movie exists and is successful showed 1`] = `
[
  <div
    data-testid="card_movie"
  >
    <article
      class="main-module__movieItem___2LLLX"
    >
      <div
        class="main-module__menuContainer___ZkGch"
      >
        <div
          class="main-module__menuButton___6XkhL"
          data-cy="movie_menu_button"
          data-testid="movie_menu_button"
        >
          ...
        </div>
      </div>
      <img
        alt="Guardians of the Galaxy Vol. 3"
        class="main-module__movieImage___39dYg"
        data-testid="card_movie_image"
        src="https://image.tmdb.org/t/p/w500/ldoY4fTZkGISMidNw60GHoNdgP8.jpg"
      />
      <div
        class="main-module__titleContainer___3i1_O"
      >
        <p
          class="main-module__movieTitle___3k_wC"
          data-cy="card_movie_title"
        >
          Guardians of the Galaxy Vol. 3
        </p>
        <p
          class="main-module__movieDate___thIkl"
        >
          2020
        </p>
      </div>
      <p
        class="main-module__genres___qwVlZ"
      >
        Action & Adventure & Science Fiction
      </p>
    </article>
  </div>,
  <div
    data-testid="card_movie"
  >
    <article
      class="main-module__movieItem___2LLLX"
    >
      <div
        class="main-module__menuContainer___ZkGch"
      >
        <div
          class="main-module__menuButton___6XkhL"
          data-cy="movie_menu_button"
          data-testid="movie_menu_button"
        >
          ...
        </div>
      </div>
      <img
        alt="Transformers 7"
        class="main-module__movieImage___39dYg"
        data-testid="card_movie_image"
        src="https://image.tmdb.org/t/p/w500/432BowXw7a4fWXSONxBaFKqvW4f.jpg"
      />
      <div
        class="main-module__titleContainer___3i1_O"
      >
        <p
          class="main-module__movieTitle___3k_wC"
          data-cy="card_movie_title"
        >
          Transformers 7
        </p>
        <p
          class="main-module__movieDate___thIkl"
        >
          2019
        </p>
      </div>
      <p
        class="main-module__genres___qwVlZ"
      >
        Science Fiction & Action & Adventure
      </p>
    </article>
  </div>,
  <div
    data-testid="card_movie"
  >
    <article
      class="main-module__movieItem___2LLLX"
    >
      <div
        class="main-module__menuContainer___ZkGch"
      >
        <div
          class="main-module__menuButton___6XkhL"
          data-cy="movie_menu_button"
          data-testid="movie_menu_button"
        >
          ...
        </div>
      </div>
      <img
        alt="Untitled Avengers"
        class="main-module__movieImage___39dYg"
        data-testid="card_movie_image"
        src="https://image.tmdb.org/t/p/w500/aMETsaNNcDc6g5ZatQtVbySnSaA.jpg"
      />
      <div
        class="main-module__titleContainer___3i1_O"
      >
        <p
          class="main-module__movieTitle___3k_wC"
          data-cy="card_movie_title"
        >
          Untitled Avengers
        </p>
        <p
          class="main-module__movieDate___thIkl"
        >
          2019
        </p>
      </div>
      <p
        class="main-module__genres___qwVlZ"
      >
        Action & Adventure & Science Fiction
      </p>
    </article>
  </div>,
  <div
    data-testid="card_movie"
  >
    <article
      class="main-module__movieItem___2LLLX"
    >
      <div
        class="main-module__menuContainer___ZkGch"
      >
        <div
          class="main-module__menuButton___6XkhL"
          data-cy="movie_menu_button"
          data-testid="movie_menu_button"
        >
          ...
        </div>
      </div>
      <img
        alt="Shazam!"
        class="main-module__movieImage___39dYg"
        data-testid="card_movie_image"
        src="https://image.tmdb.org/t/p/w500/yUOJHa9XmB1H0iYodG9Kb3YCc9T.jpg"
      />
      <div
        class="main-module__titleContainer___3i1_O"
      >
        <p
          class="main-module__movieTitle___3k_wC"
          data-cy="card_movie_title"
        >
          Shazam!
        </p>
        <p
          class="main-module__movieDate___thIkl"
        >
          2019
        </p>
      </div>
      <p
        class="main-module__genres___qwVlZ"
      >
        Action & Adventure & Fantasy & Science Fiction
      </p>
    </article>
  </div>,
  <div
    data-testid="card_movie"
  >
    <article
      class="main-module__movieItem___2LLLX"
    >
      <div
        class="main-module__menuContainer___ZkGch"
      >
        <div
          class="main-module__menuButton___6XkhL"
          data-cy="movie_menu_button"
          data-testid="movie_menu_button"
        >
          ...
        </div>
      </div>
      <img
        alt="X-Men: Dark Phoenix"
        class="main-module__movieImage___39dYg"
        data-testid="card_movie_image"
        src="https://image.tmdb.org/t/p/w500/6qmsupE0opYPIaBGe7T5D2FBzLs.jpg"
      />
      <div
        class="main-module__titleContainer___3i1_O"
      >
        <p
          class="main-module__movieTitle___3k_wC"
          data-cy="card_movie_title"
        >
          X-Men: Dark Phoenix
        </p>
        <p
          class="main-module__movieDate___thIkl"
        >
          2019
        </p>
      </div>
      <p
        class="main-module__genres___qwVlZ"
      >
        Action & Science Fiction
      </p>
    </article>
  </div>,
  <div
    data-testid="card_movie"
  >
    <article
      class="main-module__movieItem___2LLLX"
    >
      <div
        class="main-module__menuContainer___ZkGch"
      >
        <div
          class="main-module__menuButton___6XkhL"
          data-cy="movie_menu_button"
          data-testid="movie_menu_button"
        >
          ...
        </div>
      </div>
      <img
        alt="Journey 3: From the Earth to the Moon"
        class="main-module__movieImage___39dYg"
        data-testid="card_movie_image"
        src="https://image.tmdb.org/t/p/w500/98tbNloMBztAVnWpAznKKVUdi2O.jpg"
      />
      <div
        class="main-module__titleContainer___3i1_O"
      >
        <p
          class="main-module__movieTitle___3k_wC"
          data-cy="card_movie_title"
        >
          Journey 3: From the Earth to the Moon
        </p>
        <p
          class="main-module__movieDate___thIkl"
        >
          2018
        </p>
      </div>
      <p
        class="main-module__genres___qwVlZ"
      >
        Action & Adventure & Fantasy & Science Fiction
      </p>
    </article>
  </div>,
  <div
    data-testid="card_movie"
  >
    <article
      class="main-module__movieItem___2LLLX"
    >
      <div
        class="main-module__menuContainer___ZkGch"
      >
        <div
          class="main-module__menuButton___6XkhL"
          data-cy="movie_menu_button"
          data-testid="movie_menu_button"
        >
          ...
        </div>
      </div>
      <img
        alt="Aquaman"
        class="main-module__movieImage___39dYg"
        data-testid="card_movie_image"
        src="https://image.tmdb.org/t/p/w500/sshNRCbtU2ON8SiWLycQzr05doX.jpg"
      />
      <div
        class="main-module__titleContainer___3i1_O"
      >
        <p
          class="main-module__movieTitle___3k_wC"
          data-cy="card_movie_title"
        >
          Aquaman
        </p>
        <p
          class="main-module__movieDate___thIkl"
        >
          2018
        </p>
      </div>
      <p
        class="main-module__genres___qwVlZ"
      >
        Action & Fantasy & Science Fiction
      </p>
    </article>
  </div>,
  <div
    data-testid="card_movie"
  >
    <article
      class="main-module__movieItem___2LLLX"
    >
      <div
        class="main-module__menuContainer___ZkGch"
      >
        <div
          class="main-module__menuButton___6XkhL"
          data-cy="movie_menu_button"
          data-testid="movie_menu_button"
        >
          ...
        </div>
      </div>
      <img
        alt="Mission: Impossible - Fallout"
        class="main-module__movieImage___39dYg"
        data-testid="card_movie_image"
        src="https://image.tmdb.org/t/p/w500/A2W75CVz9l8gEeWhQiiftlOCkgi.jpg"
      />
      <div
        class="main-module__titleContainer___3i1_O"
      >
        <p
          class="main-module__movieTitle___3k_wC"
          data-cy="card_movie_title"
        >
          Mission: Impossible - Fallout
        </p>
        <p
          class="main-module__movieDate___thIkl"
        >
          2018
        </p>
      </div>
      <p
        class="main-module__genres___qwVlZ"
      >
        Adventure & Action & Thriller
      </p>
    </article>
  </div>,
  <div
    data-testid="card_movie"
  >
    <article
      class="main-module__movieItem___2LLLX"
    >
      <div
        class="main-module__menuContainer___ZkGch"
      >
        <div
          class="main-module__menuButton___6XkhL"
          data-cy="movie_menu_button"
          data-testid="movie_menu_button"
        >
          ...
        </div>
      </div>
      <img
        alt="Jurassic World: Fallen Kingdom"
        class="main-module__movieImage___39dYg"
        data-testid="card_movie_image"
        src="https://image.tmdb.org/t/p/w500/ln6d5Okr6VK5vfQVobJTiYxeD0l.jpg"
      />
      <div
        class="main-module__titleContainer___3i1_O"
      >
        <p
          class="main-module__movieTitle___3k_wC"
          data-cy="card_movie_title"
        >
          Jurassic World: Fallen Kingdom
        </p>
        <p
          class="main-module__movieDate___thIkl"
        >
          2018
        </p>
      </div>
      <p
        class="main-module__genres___qwVlZ"
      >
        Action & Adventure & Drama & Science Fiction & Thriller
      </p>
    </article>
  </div>,
]
`;
